BL51 BANKED LINKER/LOCATER V6.22                                                        10/01/2014  15:49:22  PAGE 1


BL51 BANKED LINKER/LOCATER V6.22, INVOKED BY:
D:\KEIL4\C51\BIN\BL51.EXE ST7567.obj TO ST7567


MEMORY MODEL: SMALL


INPUT MODULES INCLUDED:
  ST7567.obj (ST7567)
  D:\KEIL4\C51\LIB\C51S.LIB (?C_STARTUP)
  D:\KEIL4\C51\LIB\C51S.LIB (?C?ULCMP)


LINK MAP OF MODULE:  ST7567 (ST7567)


            TYPE    BASE      LENGTH    RELOCATION   SEGMENT NAME
            -----------------------------------------------------

            * * * * * * *   D A T A   M E M O R Y   * * * * * * *
            REG     0000H     0008H     ABSOLUTE     "REG BANK 0"
            DATA    0008H     0006H     UNIT         _DATA_GROUP_
            IDATA   000EH     0001H     UNIT         ?STACK

            * * * * * * *   C O D E   M E M O R Y   * * * * * * *
            CODE    0000H     0003H     ABSOLUTE     
            CODE    0003H     0400H     UNIT         ?CO?ST7567
            CODE    0403H     005FH     UNIT         ?PR?DISPLAY_PIC1?ST7567
            CODE    0462H     0046H     UNIT         ?PR?INIT_ST7567?ST7567
            CODE    04A8H     003AH     UNIT         ?PR?_DELAY_MS?ST7567
            CODE    04E2H     0034H     UNIT         ?PR?_CLEAR_SCREEN?ST7567
            CODE    0516H     0030H     UNIT         ?PR?MAIN?ST7567
            CODE    0546H     001DH     UNIT         ?PR?_WRITE_ST7567_COM?ST7567
            CODE    0563H     001DH     UNIT         ?PR?_WRITE_ST7567_DISPLAY_DATA_SERIAL_4SPI?ST7567
            CODE    0580H     0016H     UNIT         ?PR?HDRESET?ST7567
            CODE    0596H     0011H     UNIT         ?C?LIB_CODE
            CODE    05A7H     000DH     UNIT         ?PR?KEYPRESS?ST7567
            CODE    05B4H     000CH     UNIT         ?C_C51STARTUP



OVERLAY MAP OF MODULE:   ST7567 (ST7567)


SEGMENT                                            DATA_GROUP 
  +--> CALLED SEGMENT                            START    LENGTH
----------------------------------------------------------------
?C_C51STARTUP                                    -----    -----
  +--> ?PR?MAIN?ST7567

?PR?MAIN?ST7567                                  -----    -----
  +--> ?PR?INIT_ST7567?ST7567
  +--> ?PR?_CLEAR_SCREEN?ST7567
  +--> ?PR?_DELAY_MS?ST7567
  +--> ?PR?DISPLAY_PIC1?ST7567
  +--> ?PR?KEYPRESS?ST7567

?PR?INIT_ST7567?ST7567                           -----    -----
BL51 BANKED LINKER/LOCATER V6.22                                                      10/01/2014  15:49:22  PAGE 2


  +--> ?PR?HDRESET?ST7567
  +--> ?PR?_DELAY_MS?ST7567
  +--> ?PR?_WRITE_ST7567_COM?ST7567

?PR?HDRESET?ST7567                               -----    -----
  +--> ?PR?_DELAY_MS?ST7567

?PR?_DELAY_MS?ST7567                             0008H    0004H

?PR?_CLEAR_SCREEN?ST7567                         0008H    0003H
  +--> ?PR?_WRITE_ST7567_COM?ST7567
  +--> ?PR?_WRITE_ST7567_DISPLAY_DATA_SERIAL...

?PR?DISPLAY_PIC1?ST7567                          0008H    0006H
  +--> ?PR?_WRITE_ST7567_COM?ST7567
  +--> ?CO?ST7567
  +--> ?PR?_WRITE_ST7567_DISPLAY_DATA_SERIAL...

?PR?KEYPRESS?ST7567                              -----    -----
  +--> ?PR?_DELAY_MS?ST7567



SYMBOL TABLE OF MODULE:  ST7567 (ST7567)

  VALUE           TYPE          NAME
  ----------------------------------

  -------         MODULE        ST7567
  C:0000H         SYMBOL        _ICE_DUMMY_
  D:0090H         PUBLIC        P1
  D:00B0H         PUBLIC        P3
  C:0580H         PUBLIC        HDReset
  C:0003H         PUBLIC        graphic1
  B:0090H.2       PUBLIC        RS
  C:0516H         PUBLIC        main
  C:0403H         PUBLIC        Display_pic1
  C:0546H         PUBLIC        _Write_ST7567_COM
  C:04B0H         PUBLIC        _Delay_ms
  B:0090H.3       PUBLIC        RSTB
  B:0090H.4       PUBLIC        CS0
  C:0563H         PUBLIC        _Write_ST7567_DISPLAY_DATA_serial_4SPI
  C:05A7H         PUBLIC        Keypress
  B:0090H.0       PUBLIC        SDI
  B:0090H.1       PUBLIC        SCL
  B:00B0H.2       PUBLIC        KEY
  C:04E2H         PUBLIC        _clear_screen
  C:0462H         PUBLIC        Init_ST7567
  -------         PROC          MAIN
  C:0516H         LINE#         97
  C:0516H         LINE#         98
  C:0516H         LINE#         99
  C:0519H         LINE#         100
  C:0519H         LINE#         101
  C:0519H         LINE#         102
  C:051EH         LINE#         103
  C:0521H         LINE#         104
BL51 BANKED LINKER/LOCATER V6.22                                                      10/01/2014  15:49:22  PAGE 3


  C:0526H         LINE#         105
  C:0529H         LINE#         106
  C:052EH         LINE#         107
  C:0531H         LINE#         108
  C:0536H         LINE#         109
  C:0539H         LINE#         110
  C:053EH         LINE#         111
  C:0541H         LINE#         112
  C:0544H         LINE#         113
  -------         ENDPROC       MAIN
  -------         PROC          INIT_ST7567
  C:0462H         LINE#         119
  C:0462H         LINE#         120
  C:0462H         LINE#         121
  C:0465H         LINE#         122
  C:046CH         LINE#         124
  C:0471H         LINE#         126
  C:0476H         LINE#         127
  C:047BH         LINE#         128
  C:0480H         LINE#         130
  C:0485H         LINE#         131
  C:048AH         LINE#         132
  C:048FH         LINE#         134
  C:0494H         LINE#         136
  C:0499H         LINE#         137
  C:049EH         LINE#         139
  C:04A3H         LINE#         140
  -------         ENDPROC       INIT_ST7567
  -------         PROC          _CLEAR_SCREEN
  D:0008H         SYMBOL        xx
  -------         DO            
  D:0009H         SYMBOL        i
  D:000AH         SYMBOL        j
  -------         ENDDO         
  C:04E2H         LINE#         145
  C:04E4H         LINE#         146
  C:04E4H         LINE#         148
  C:04E7H         LINE#         149
  C:04E7H         LINE#         150
  C:04E9H         LINE#         151
  C:04F1H         LINE#         152
  C:04F6H         LINE#         153
  C:04FBH         LINE#         154
  C:04FEH         LINE#         155
  C:04FEH         LINE#         156
  C:0503H         LINE#         157
  C:050CH         LINE#         158
  C:0515H         LINE#         159
  -------         ENDPROC       _CLEAR_SCREEN
  -------         PROC          DISPLAY_PIC1
  -------         DO            
  D:0008H         SYMBOL        i
  D:000AH         SYMBOL        j
  D:000CH         SYMBOL        adressd
  -------         ENDDO         
  C:0403H         LINE#         161
  C:0403H         LINE#         162
BL51 BANKED LINKER/LOCATER V6.22                                                      10/01/2014  15:49:22  PAGE 4


  C:0403H         LINE#         163
  C:0408H         LINE#         165
  C:040CH         LINE#         166
  C:040CH         LINE#         167
  C:040EH         LINE#         168
  C:0416H         LINE#         169
  C:041BH         LINE#         170
  C:0420H         LINE#         171
  C:0425H         LINE#         172
  C:0425H         LINE#         173
  C:0437H         LINE#         174
  C:043FH         LINE#         175
  C:0450H         LINE#         176
  C:0461H         LINE#         177
  -------         ENDPROC       DISPLAY_PIC1
  -------         PROC          _WRITE_ST7567_COM
  D:0007H         SYMBOL        COMDADA_4SPI
  -------         DO            
  D:0006H         SYMBOL        bit8
  -------         ENDDO         
  C:0546H         LINE#         179
  C:0546H         LINE#         180
  C:0546H         LINE#         182
  C:0548H         LINE#         183
  C:054AH         LINE#         184
  C:054CH         LINE#         185
  C:054CH         LINE#         186
  C:054EH         LINE#         187
  C:0552H         LINE#         188
  C:0556H         LINE#         190
  C:0558H         LINE#         192
  C:055AH         LINE#         193
  C:055EH         LINE#         195
  C:0562H         LINE#         198
  -------         ENDPROC       _WRITE_ST7567_COM
  -------         PROC          _WRITE_ST7567_DISPLAY_DATA_SERIAL_4SPI
  D:0007H         SYMBOL        DADA_4SPI
  -------         DO            
  D:0006H         SYMBOL        bit8
  -------         ENDDO         
  C:0563H         LINE#         200
  C:0563H         LINE#         201
  C:0563H         LINE#         203
  C:0565H         LINE#         204
  C:0567H         LINE#         206
  C:0569H         LINE#         207
  C:0569H         LINE#         208
  C:056BH         LINE#         209
  C:056FH         LINE#         210
  C:0573H         LINE#         212
  C:0575H         LINE#         213
  C:0577H         LINE#         214
  C:057BH         LINE#         216
  C:057FH         LINE#         218
  -------         ENDPROC       _WRITE_ST7567_DISPLAY_DATA_SERIAL_4SPI
  C:04A8H         SYMBOL        L?0047
  C:04ACH         SYMBOL        L?0048
BL51 BANKED LINKER/LOCATER V6.22                                                      10/01/2014  15:49:22  PAGE 5


  -------         PROC          L?0046
  -------         ENDPROC       L?0046
  C:04A8H         SYMBOL        L?0047
  C:04ACH         SYMBOL        L?0048
  -------         PROC          _DELAY_MS
  D:0008H         SYMBOL        value
  -------         DO            
  D:0082H         SYMBOL        i
  D:0006H         SYMBOL        j
  -------         ENDDO         
  C:04B0H         LINE#         221
  C:04B8H         LINE#         222
  C:04B8H         LINE#         224
  C:04D0H         LINE#         225
  C:04E1H         LINE#         226
  -------         ENDPROC       _DELAY_MS
  -------         PROC          HDRESET
  C:0580H         LINE#         228
  C:0580H         LINE#         229
  C:0580H         LINE#         230
  C:0582H         LINE#         231
  C:0589H         LINE#         232
  C:058BH         LINE#         233
  -------         ENDPROC       HDRESET
  -------         PROC          KEYPRESS
  C:05A7H         LINE#         236
  C:05A7H         LINE#         237
  C:05A7H         LINE#         238
  C:05AAH         LINE#         239
  C:05B3H         LINE#         240
  -------         ENDPROC       KEYPRESS
  -------         ENDMOD        ST7567

  -------         MODULE        ?C?ULCMP
  C:0596H         PUBLIC        ?C?ULCMP
  -------         ENDMOD        ?C?ULCMP

Program Size: data=15.0 xdata=0 code=1472
LINK/LOCATE RUN COMPLETE.  0 WARNING(S),  0 ERROR(S)
