BL51 BANKED LINKER/LOCATER V6.22                                                        04/23/2016  22:38:34  PAGE 1


BL51 BANKED LINKER/LOCATER V6.22, INVOKED BY:
D:\PROGRAM FILES\KEIL\C51\BIN\BL51.EXE .\OUT\STARTUP.obj, .\OUT\main.obj, .\OUT\lcd.obj, .\OUT\sys.obj TO .\OUT\RV PRINT
>>  (.\OUT\RV.m51) RAMSIZE (256) CODE (0X0000-0XEFFF) XDATA (0X0000-0X03FF)


MEMORY MODEL: LARGE


INPUT MODULES INCLUDED:
  .\OUT\STARTUP.obj (?C_STARTUP)
  .\OUT\main.obj (MAIN)
  .\OUT\lcd.obj (LCD)
  .\OUT\sys.obj (SYS)
  D:\PROGRAM FILES\KEIL\C51\LIB\C51L.LIB (?C?CLDPTR)


LINK MAP OF MODULE:  .\OUT\RV (?C_STARTUP)


            TYPE    BASE      LENGTH    RELOCATION   SEGMENT NAME
            -----------------------------------------------------

            * * * * * * *   D A T A   M E M O R Y   * * * * * * *
            REG     0000H     0008H     ABSOLUTE     "REG BANK 0"
            IDATA   0008H     0001H     UNIT         ?STACK

            * * * * * * *  X D A T A   M E M O R Y  * * * * * * *
            XDATA   0000H     000CH     UNIT         _XDATA_GROUP_

            * * * * * * *   C O D E   M E M O R Y   * * * * * * *
            CODE    0000H     0003H     ABSOLUTE     
            CODE    0003H     1670H     UNIT         ?CO?LCD
            CODE    1673H     017BH     UNIT         ?PR?MAIN?MAIN
            CODE    17EEH     00B7H     UNIT         ?PR?_DISPLAYFONT?LCD
            CODE    18A5H     0057H     UNIT         ?PR?LCDINIT?LCD
            CODE    18FCH     0037H     UNIT         ?PR?_DISPLAY_128X64?LCD
            CODE    1933H     0035H     UNIT         ?PR?_DISPLAY_GRAPHIC_16X16?LCD
            CODE    1968H     0035H     UNIT         ?PR?_DISPLAY_GRAPHIC_8X16?LCD
            CODE    199DH     0031H     UNIT         ?PR?_LCD_ADDRESS?LCD
            CODE    19CEH     0026H     UNIT         ?PR?_DELAYMS?SYS
            CODE    19F4H     0025H     UNIT         ?PR?CLEARSCREEN?LCD
            CODE    1A19H     001AH     UNIT         ?PR?_LCDSHIFTWRITE?LCD
            CODE    1A33H     0019H     UNIT         ?PR?_DISPLAY_GRAPHIC_5X8?LCD
            CODE    1A4CH     0019H     UNIT         ?C?LIB_CODE
            CODE    1A65H     0018H     UNIT         ?PR?SCRIBING?LCD
            CODE    1A7DH     000EH     UNIT         ?PR?_SEND_DAT?LCD
            CODE    1A8BH     000CH     UNIT         ?C_C51STARTUP
            CODE    1A97H     000AH     UNIT         ?PR?_SEND_CMD?LCD



OVERLAY MAP OF MODULE:   .\OUT\RV (?C_STARTUP)


SEGMENT                                  XDATA_GROUP
  +--> CALLED SEGMENT                  START    LENGTH
------------------------------------------------------
?C_C51STARTUP                          -----    -----
BL51 BANKED LINKER/LOCATER V6.22                                                      04/23/2016  22:38:34  PAGE 2


  +--> ?PR?MAIN?MAIN

?PR?MAIN?MAIN                          0000H    0002H
  +--> ?PR?LCDINIT?LCD
  +--> ?PR?_DISPLAYFONT?LCD
  +--> ?PR?CLEARSCREEN?LCD

?PR?LCDINIT?LCD                        -----    -----
  +--> ?PR?_DELAYMS?SYS
  +--> ?PR?_SEND_CMD?LCD
  +--> ?PR?CLEARSCREEN?LCD

?PR?_SEND_CMD?LCD                      -----    -----
  +--> ?PR?_LCDSHIFTWRITE?LCD

?PR?CLEARSCREEN?LCD                    -----    -----
  +--> ?PR?_SEND_CMD?LCD
  +--> ?PR?_SEND_DAT?LCD

?PR?_SEND_DAT?LCD                      -----    -----
  +--> ?PR?_LCDSHIFTWRITE?LCD

?PR?_DISPLAYFONT?LCD                   0002H    0007H
  +--> ?CO?LCD
  +--> ?PR?_DISPLAY_GRAPHIC_5X8?LCD
  +--> ?PR?_DISPLAY_GRAPHIC_8X16?LCD
  +--> ?PR?_DISPLAY_GRAPHIC_16X16?LCD
  +--> ?PR?_DISPLAY_128X64?LCD
  +--> ?PR?SCRIBING?LCD

?PR?_DISPLAY_GRAPHIC_5X8?LCD           -----    -----
  +--> ?PR?_LCD_ADDRESS?LCD
  +--> ?PR?_SEND_DAT?LCD

?PR?_LCD_ADDRESS?LCD                   -----    -----
  +--> ?PR?_SEND_CMD?LCD

?PR?_DISPLAY_GRAPHIC_8X16?LCD          0009H    0003H
  +--> ?PR?_LCD_ADDRESS?LCD
  +--> ?PR?_SEND_DAT?LCD

?PR?_DISPLAY_GRAPHIC_16X16?LCD         0009H    0003H
  +--> ?PR?_LCD_ADDRESS?LCD
  +--> ?PR?_SEND_DAT?LCD

?PR?_DISPLAY_128X64?LCD                0009H    0001H
  +--> ?PR?_LCD_ADDRESS?LCD
  +--> ?PR?_SEND_DAT?LCD

?PR?SCRIBING?LCD                       -----    -----
  +--> ?PR?_LCD_ADDRESS?LCD
  +--> ?PR?_SEND_DAT?LCD



SYMBOL TABLE OF MODULE:  .\OUT\RV (?C_STARTUP)

BL51 BANKED LINKER/LOCATER V6.22                                                      04/23/2016  22:38:34  PAGE 3


  VALUE           TYPE          NAME
  ----------------------------------

  -------         MODULE        ?C_STARTUP
  C:1A8BH         SEGMENT       ?C_C51STARTUP
  I:0008H         SEGMENT       ?STACK
  C:0000H         PUBLIC        ?C_STARTUP
  D:00E0H         SYMBOL        ACC
  D:00F0H         SYMBOL        B
  D:0083H         SYMBOL        DPH
  D:0082H         SYMBOL        DPL
  N:0000H         SYMBOL        IBPSTACK
  N:0100H         SYMBOL        IBPSTACKTOP
  N:0080H         SYMBOL        IDATALEN
  C:1A8EH         SYMBOL        IDATALOOP
  N:0000H         SYMBOL        PBPSTACK
  N:0100H         SYMBOL        PBPSTACKTOP
  N:0000H         SYMBOL        PDATALEN
  N:0000H         SYMBOL        PDATASTART
  N:0000H         SYMBOL        PPAGE
  N:0000H         SYMBOL        PPAGEENABLE
  D:00A0H         SYMBOL        PPAGE_SFR
  D:0081H         SYMBOL        SP
  C:1A8BH         SYMBOL        STARTUP1
  N:0000H         SYMBOL        XBPSTACK
  N:0000H         SYMBOL        XBPSTACKTOP
  N:0000H         SYMBOL        XDATALEN
  N:0000H         SYMBOL        XDATASTART
  C:0000H         LINE#         126
  C:1A8BH         LINE#         133
  C:1A8DH         LINE#         134
  C:1A8EH         LINE#         135
  C:1A8FH         LINE#         136
  C:1A91H         LINE#         185
  C:1A94H         LINE#         196
  -------         ENDMOD        ?C_STARTUP

  -------         MODULE        MAIN
  C:0000H         SYMBOL        _ICE_DUMMY_
  D:0080H         PUBLIC        P0
  D:0090H         PUBLIC        P1
  D:00A0H         PUBLIC        P2
  D:00B0H         PUBLIC        P3
  D:00C0H         PUBLIC        P4
  D:00C8H         PUBLIC        P5
  D:00A8H         PUBLIC        IE
  D:00B8H         PUBLIC        IP
  D:00D8H         PUBLIC        CCON
  C:1673H         PUBLIC        main
  D:0098H         PUBLIC        SCON
  D:0088H         PUBLIC        TCON
  D:00E0H         PUBLIC        ACC
  D:00D0H         PUBLIC        PSW
  B:00B0H.2       PUBLIC        key1
  B:00B0H.3       PUBLIC        key2
  B:00B0H.4       PUBLIC        key3
  -------         PROC          MAIN
BL51 BANKED LINKER/LOCATER V6.22                                                      04/23/2016  22:38:34  PAGE 4


  -------         DO            
  X:0000H         SYMBOL        i
  X:0001H         SYMBOL        j
  -------         ENDDO         
  C:1673H         LINE#         38
  C:1673H         LINE#         39
  C:1673H         LINE#         42
  C:1676H         LINE#         43
  C:1685H         LINE#         45
  C:1685H         LINE#         46
  C:1685H         LINE#         47
  C:168BH         LINE#         48
  C:168BH         LINE#         49
  C:168EH         LINE#         50
  C:169DH         LINE#         51
  C:169DH         LINE#         52
  C:16AFH         LINE#         53
  C:16B7H         LINE#         54
  C:16C6H         LINE#         55
  C:16C6H         LINE#         56
  C:16C9H         LINE#         57
  C:16DEH         LINE#         58
  C:16E6H         LINE#         59
  C:16F5H         LINE#         60
  C:16F5H         LINE#         61
  C:16F8H         LINE#         62
  C:170DH         LINE#         63
  C:1715H         LINE#         64
  C:1724H         LINE#         65
  C:1724H         LINE#         66
  C:1727H         LINE#         67
  C:173CH         LINE#         68
  C:1744H         LINE#         69
  C:1744H         LINE#         70
  C:174AH         LINE#         71
  C:174AH         LINE#         72
  C:174DH         LINE#         73
  C:175CH         LINE#         74
  C:175CH         LINE#         75
  C:1760H         LINE#         76
  C:1770H         LINE#         77
  C:1778H         LINE#         78
  C:1787H         LINE#         79
  C:1787H         LINE#         80
  C:178AH         LINE#         81
  C:179DH         LINE#         82
  C:17A5H         LINE#         83
  C:17B4H         LINE#         84
  C:17B4H         LINE#         85
  C:17B7H         LINE#         86
  C:17CBH         LINE#         87
  C:17D3H         LINE#         88
  C:17D3H         LINE#         89
  C:17D9H         LINE#         90
  C:17D9H         LINE#         91
  C:17DCH         LINE#         92
  C:17EBH         LINE#         93
BL51 BANKED LINKER/LOCATER V6.22                                                      04/23/2016  22:38:34  PAGE 5


  C:17EBH         LINE#         94
  -------         ENDPROC       MAIN
  -------         ENDMOD        MAIN

  -------         MODULE        LCD
  C:0000H         SYMBOL        _ICE_DUMMY_
  D:0080H         PUBLIC        P0
  D:0090H         PUBLIC        P1
  C:0F73H         PUBLIC        font16x16
  D:00A0H         PUBLIC        P2
  D:00B0H         PUBLIC        P3
  D:00C0H         PUBLIC        P4
  D:00C8H         PUBLIC        P5
  D:00A8H         PUBLIC        IE
  D:00B8H         PUBLIC        IP
  C:0003H         PUBLIC        font5x8
  D:00D8H         PUBLIC        CCON
  C:1933H         PUBLIC        _Display_Graphic_16x16
  B:0090H.0       PUBLIC        P10
  B:0090H.2       PUBLIC        P12
  D:0098H         PUBLIC        SCON
  D:0088H         PUBLIC        TCON
  C:1A65H         PUBLIC        Scribing
  B:00B0H.5       PUBLIC        P35
  B:00B0H.6       PUBLIC        P36
  C:18FCH         PUBLIC        _Display_128x64
  B:00B0H.7       PUBLIC        P37
  C:19A8H         PUBLIC        _Lcd_Address
  C:1A97H         PUBLIC        _send_cmd
  C:1A33H         PUBLIC        _Display_Graphic_5x8
  C:1A81H         PUBLIC        _send_dat
  D:00E0H         PUBLIC        ACC
  C:19F4H         PUBLIC        ClearScreen
  C:01E3H         PUBLIC        font8x16
  C:1273H         PUBLIC        IMG128x64
  C:1A19H         PUBLIC        _LCDShiftWrite
  C:18A5H         PUBLIC        LCDInit
  C:17EEH         PUBLIC        _DisplayFont
  C:1968H         PUBLIC        _Display_Graphic_8x16
  D:00D0H         PUBLIC        PSW
  -------         PROC          _LCDSHIFTWRITE
  D:0007H         SYMBOL        dat
  -------         DO            
  D:0006H         SYMBOL        i
  D:0007H         SYMBOL        Series
  -------         ENDDO         
  C:1A19H         LINE#         28
  C:1A19H         LINE#         29
  C:1A19H         LINE#         33
  C:1A19H         LINE#         34
  C:1A1BH         LINE#         35
  C:1A1BH         LINE#         36
  C:1A1DH         LINE#         37
  C:1A25H         LINE#         38
  C:1A27H         LINE#         39
  C:1A29H         LINE#         40
  C:1A2DH         LINE#         41
BL51 BANKED LINKER/LOCATER V6.22                                                      04/23/2016  22:38:34  PAGE 6


  C:1A32H         LINE#         42
  -------         ENDPROC       _LCDSHIFTWRITE
  -------         PROC          _SEND_CMD
  D:0007H         SYMBOL        cmd
  C:1A97H         LINE#         45
  C:1A97H         LINE#         46
  C:1A97H         LINE#         47
  C:1A99H         LINE#         48
  C:1A9BH         LINE#         49
  C:1A9EH         LINE#         50
  C:1AA0H         LINE#         51
  -------         ENDPROC       _SEND_CMD
  C:1A7DH         SYMBOL        L?0057
  -------         PROC          L?0056
  -------         ENDPROC       L?0056
  C:1A7DH         SYMBOL        L?0057
  -------         PROC          _SEND_DAT
  D:0007H         SYMBOL        dat
  C:1A81H         LINE#         53
  C:1A81H         LINE#         54
  C:1A81H         LINE#         55
  C:1A83H         LINE#         56
  C:1A85H         LINE#         57
  C:1A88H         LINE#         58
  C:1A8AH         LINE#         59
  -------         ENDPROC       _SEND_DAT
  -------         PROC          LCDINIT
  C:18A5H         LINE#         62
  C:18A5H         LINE#         63
  C:18A5H         LINE#         64
  C:18A7H         LINE#         65
  C:18AEH         LINE#         66
  C:18B0H         LINE#         67
  C:18B7H         LINE#         68
  C:18B9H         LINE#         69
  C:18C0H         LINE#         71
  C:18C5H         LINE#         72
  C:18CCH         LINE#         73
  C:18D1H         LINE#         74
  C:18D6H         LINE#         75
  C:18DBH         LINE#         76
  C:18E0H         LINE#         77
  C:18E5H         LINE#         78
  C:18EAH         LINE#         79
  C:18EFH         LINE#         80
  C:18F4H         LINE#         81
  C:18F9H         LINE#         83
  -------         ENDPROC       LCDINIT
  -------         PROC          L?0058
  -------         ENDPROC       L?0058
  -------         PROC          _LCD_ADDRESS
  D:0006H         SYMBOL        page
  D:0004H         SYMBOL        column
  C:19A8H         LINE#         87
  C:19A8H         LINE#         88
  C:19A8H         LINE#         89
  C:19ADH         LINE#         90
BL51 BANKED LINKER/LOCATER V6.22                                                      04/23/2016  22:38:34  PAGE 7


  C:19B4H         LINE#         91
  C:19C7H         LINE#         92
  -------         ENDPROC       _LCD_ADDRESS
  -------         PROC          CLEARSCREEN
  -------         DO            
  D:0005H         SYMBOL        i
  D:0004H         SYMBOL        j
  -------         ENDDO         
  C:19F4H         LINE#         96
  C:19F4H         LINE#         97
  C:19F4H         LINE#         99
  C:19F6H         LINE#         100
  C:19F6H         LINE#         101
  C:19FDH         LINE#         102
  C:1A02H         LINE#         103
  C:1A07H         LINE#         104
  C:1A09H         LINE#         105
  C:1A09H         LINE#         106
  C:1A0EH         LINE#         107
  C:1A13H         LINE#         108
  C:1A18H         LINE#         109
  -------         ENDPROC       CLEARSCREEN
  -------         PROC          _DISPLAY_128X64
  D:0001H         SYMBOL        dp
  -------         DO            
  D:0005H         SYMBOL        i
  X:0009H         SYMBOL        j
  -------         ENDDO         
  C:18FCH         LINE#         112
  C:18FCH         LINE#         113
  C:18FCH         LINE#         116
  C:190BH         LINE#         117
  C:190BH         LINE#         118
  C:1919H         LINE#         119
  C:191BH         LINE#         120
  C:191BH         LINE#         121
  C:191EH         LINE#         122
  C:1925H         LINE#         123
  C:192AH         LINE#         124
  C:1932H         LINE#         125
  -------         ENDPROC       _DISPLAY_128X64
  -------         PROC          _DISPLAY_GRAPHIC_16X16
  X:0009H         SYMBOL        page
  X:000AH         SYMBOL        column
  D:0001H         SYMBOL        dp
  -------         DO            
  D:0005H         SYMBOL        i
  X:000BH         SYMBOL        j
  -------         ENDDO         
  C:1933H         LINE#         128
  C:193BH         LINE#         129
  C:193BH         LINE#         132
  C:1948H         LINE#         133
  C:1948H         LINE#         134
  C:194EH         LINE#         135
  C:1950H         LINE#         136
  C:1950H         LINE#         137
BL51 BANKED LINKER/LOCATER V6.22                                                      04/23/2016  22:38:34  PAGE 8


  C:1953H         LINE#         138
  C:195AH         LINE#         139
  C:195FH         LINE#         140
  C:1967H         LINE#         141
  -------         ENDPROC       _DISPLAY_GRAPHIC_16X16
  -------         PROC          _DISPLAY_GRAPHIC_8X16
  X:0009H         SYMBOL        page
  X:000AH         SYMBOL        column
  D:0001H         SYMBOL        dp
  -------         DO            
  D:0005H         SYMBOL        i
  X:000BH         SYMBOL        j
  -------         ENDDO         
  C:1968H         LINE#         144
  C:1970H         LINE#         145
  C:1970H         LINE#         148
  C:197DH         LINE#         149
  C:197DH         LINE#         150
  C:1983H         LINE#         151
  C:1985H         LINE#         152
  C:1985H         LINE#         153
  C:1988H         LINE#         154
  C:198FH         LINE#         155
  C:1994H         LINE#         156
  C:199CH         LINE#         157
  -------         ENDPROC       _DISPLAY_GRAPHIC_8X16
  -------         PROC          _DISPLAY_GRAPHIC_5X8
  D:0007H         SYMBOL        page
  D:0005H         SYMBOL        column
  D:0001H         SYMBOL        dp
  -------         DO            
  D:0005H         SYMBOL        col_cnt
  -------         ENDDO         
  C:1A33H         LINE#         160
  C:1A33H         LINE#         161
  C:1A33H         LINE#         164
  C:1A3AH         LINE#         165
  C:1A3CH         LINE#         166
  C:1A3CH         LINE#         167
  C:1A3FH         LINE#         168
  C:1A46H         LINE#         169
  C:1A4BH         LINE#         170
  -------         ENDPROC       _DISPLAY_GRAPHIC_5X8
  -------         PROC          SCRIBING
  -------         DO            
  D:0005H         SYMBOL        i
  -------         ENDDO         
  C:1A65H         LINE#         172
  C:1A65H         LINE#         173
  C:1A65H         LINE#         176
  C:1A70H         LINE#         177
  C:1A72H         LINE#         178
  C:1A72H         LINE#         179
  C:1A77H         LINE#         180
  C:1A7CH         LINE#         181
  -------         ENDPROC       SCRIBING
  -------         PROC          _DISPLAYFONT
BL51 BANKED LINKER/LOCATER V6.22                                                      04/23/2016  22:38:34  PAGE 9


  X:0002H         SYMBOL        page
  X:0003H         SYMBOL        column
  X:0004H         SYMBOL        No
  X:0005H         SYMBOL        typeface
  -------         DO            
  X:0006H         SYMBOL        dp
  -------         ENDDO         
  C:17EEH         LINE#         183
  C:17F9H         LINE#         184
  C:17F9H         LINE#         187
  C:1815H         LINE#         188
  C:1815H         LINE#         189
  C:1815H         LINE#         190
  C:1832H         LINE#         191
  C:183DH         LINE#         192
  C:183DH         LINE#         193
  C:183DH         LINE#         194
  C:185AH         LINE#         195
  C:1865H         LINE#         196
  C:1865H         LINE#         197
  C:1865H         LINE#         198
  C:1882H         LINE#         199
  C:188DH         LINE#         200
  C:188DH         LINE#         201
  C:188DH         LINE#         202
  C:189EH         LINE#         203
  C:18A1H         LINE#         204
  C:18A1H         LINE#         205
  C:18A1H         LINE#         206
  C:18A4H         LINE#         207
  C:18A4H         LINE#         208
  C:18A4H         LINE#         209
  C:18A4H         LINE#         210
  C:18A4H         LINE#         211
  -------         ENDPROC       _DISPLAYFONT
  -------         ENDMOD        LCD

  -------         MODULE        SYS
  C:0000H         SYMBOL        _ICE_DUMMY_
  D:0080H         PUBLIC        P0
  D:0090H         PUBLIC        P1
  D:00A0H         PUBLIC        P2
  D:00B0H         PUBLIC        P3
  D:00C0H         PUBLIC        P4
  D:00C8H         PUBLIC        P5
  D:00A8H         PUBLIC        IE
  D:00B8H         PUBLIC        IP
  D:00D8H         PUBLIC        CCON
  D:0098H         PUBLIC        SCON
  D:0088H         PUBLIC        TCON
  D:00E0H         PUBLIC        ACC
  C:19CEH         PUBLIC        _delayms
  D:00D0H         PUBLIC        PSW
  -------         PROC          _DELAYMS
  D:0006H         SYMBOL        count
  -------         DO            
  D:0004H         SYMBOL        i
BL51 BANKED LINKER/LOCATER V6.22                                                      04/23/2016  22:38:34  PAGE 10


  D:0002H         SYMBOL        j
  -------         ENDDO         
  C:19CEH         LINE#         24
  C:19CEH         LINE#         25
  C:19CEH         LINE#         27
  C:19DEH         LINE#         28
  C:19F3H         LINE#         29
  -------         ENDPROC       _DELAYMS
  -------         ENDMOD        SYS

  -------         MODULE        ?C?CLDPTR
  C:1A4CH         PUBLIC        ?C?CLDPTR
  -------         ENDMOD        ?C?CLDPTR

Program Size: data=9.0 xdata=12 code=6817
LINK/LOCATE RUN COMPLETE.  0 WARNING(S),  0 ERROR(S)
